[haas-advisory-group.local/index.html]
[backblue.gif]
[fade.gif]
[index.html]
[haas-advisory-group.local/wp-content/themes/astra/assets/css/minified/main.mine100.css]
[fonts.googleapis.com/index.html]
[haas-advisory-group.local/wp-includes/css/dist/block-library/style.minadc6.css]
[haas-advisory-group.local/feed/index.html]
[haas-advisory-group.local/wp-content/plugins/gutenbee/build/gutenbee.scripts6f5d.css]
[fonts.googleapis.com/css0022.css]
[haas-advisory-group.local/wp-content/plugins/gutenbee/build/gutenbee.animations6f5d.css]
[haas-advisory-group.local/wp-content/plugins/ultimate-addons-for-gutenberg/assets/css/spectra-block-positioning.min5b0f.css]
[haas-advisory-group.local/wp-content/uploads/uag-plugin/assets/0/uag-css-42963d7.css]
[haas-advisory-group.local/comments/feed/index.html]
[haas-advisory-group.local/wp-includes/js/jquery/jquery.minf43b.js]
[haas-advisory-group.local/wp-includes/js/jquery/jquery-migrate.min5589.js]
[haas-advisory-group.local/wp-json/wp/v2/pages/429.json]
[haas-advisory-group.local/wp-json/index.html]
[haas-advisory-group.local/xmlrpc0db0.php]
[haas-advisory-group.local/wp-json/oembed/1.0/embedd9a6.json]
[haas-advisory-group.local/wp-json/oembed/1.0/embed4ac5]
[haas-advisory-group.local/wp-content/uploads/2024/07/cropped-HAAS-AG-Favicon-white-bg-32x32.png]
[haas-advisory-group.local/wp-content/uploads/2024/07/cropped-HAAS-AG-Favicon-white-bg-192x192.png]
[haas-advisory-group.local/wp-content/uploads/2024/07/cropped-HAAS-AG-Favicon-white-bg-180x180.png]
[haas-advisory-group.local/wp-content/uploads/2024/07/HAAS-web-logo-114x86.png]
[haas-advisory-group.local/wp-content/uploads/2024/07/Slide-1-1.jpg]
[haas-advisory-group.local/wp-content/uploads/2024/07/Slide-2-2.jpg]
[haas-advisory-group.local/wp-content/uploads/2024/07/Slide-3-1.jpg]
[haas-advisory-group.local/wp-content/uploads/2024/07/Icon-1-150x150.png]
[haas-advisory-group.local/wp-content/uploads/2024/07/Icon-2-150x150.png]
[haas-advisory-group.local/wp-content/uploads/2024/07/Icon-3-150x150.png]
[haas-advisory-group.local/wp-content/uploads/2024/07/Icon-4-150x150.png]
[haas-advisory-group.local/wp-content/uploads/2024/07/Client-1-1.jpg]
[haas-advisory-group.local/wp-content/uploads/2024/07/Client-2.jpg]
[haas-advisory-group.local/wp-content/uploads/2024/07/Client-3-1.jpg]
[haas-advisory-group.local/wp-content/uploads/2024/07/HAAS-Sch-1.jpg]
[haas-advisory-group.local/wp-content/uploads/2024/07/HAAS-Sch-2-2.jpg]
[haas-advisory-group.local/wp-content/uploads/2024/07/HAAS-Sch-3-1.jpg]
[haas-advisory-group.local/wp-content/themes/astra/assets/js/minified/frontend.mine100.js]
[haas-advisory-group.local/wp-content/plugins/gutenbee/build/gutenbee.scripts6f5d.js]
[haas-advisory-group.local/wp-content/plugins/gutenbee/build/gutenbee.animations6f5d.js]
[haas-advisory-group.local/wp-includes/js/dist/vendor/wp-polyfill-inert.min0226.js]
[haas-advisory-group.local/wp-includes/js/dist/vendor/wp-polyfill.min2c7c.js]
[haas-advisory-group.local/wp-includes/js/dist/dom-ready.min5346.js]
[haas-advisory-group.local/index.html]
[haas-advisory-group.local/wp-content/plugins/ultimate-addons-for-gutenberg/assets/js/spectra-block-positioning.min5b0f.js]
[gmpg.org/xfn/11.html]
[fonts.googleapis.com/index.html]
[haas-advisory-group.local/wp-content/themes/astra/assets/css/minified/main.mine100.css]
[fonts.googleapis.com/css0022.css]
[haas-advisory-group.local/wp-includes/css/dist/block-library/style.minadc6.css]
[haas-advisory-group.local/wp-content/plugins/gutenbee/build/gutenbee.scripts6f5d.css]
[haas-advisory-group.local/wp-content/plugins/gutenbee/build/gutenbee.animations6f5d.css]
[haas-advisory-group.local/wp-content/plugins/ultimate-addons-for-gutenberg/assets/css/spectra-block-positioning.min5b0f.css]
[haas-advisory-group.local/wp-content/uploads/uag-plugin/assets/0/uag-css-42963d7.css]
[haas-advisory-group.local/wp-includes/js/jquery/jquery.minf43b.js]
[haas-advisory-group.local/wp-includes/js/jquery/jquery-migrate.min5589.js]
[haas-advisory-group.local/wp-content/themes/astra/assets/js/minified/frontend.mine100.js]
[player.vimeo.com/api/player.js]
[haas-advisory-group.local/n.31.delayed]
[haas-advisory-group.local/wp-content/plugins/gutenbee/build/gutenbee.scripts6f5d.js]
[haas-advisory-group.local/wp-content/plugins/gutenbee/build/gutenbee.animations6f5d.js]
[haas-advisory-group.local/wp-includes/js/dist/vendor/wp-polyfill-inert.min0226.js]
[haas-advisory-group.local/wp-includes/js/dist/vendor/wp-polyfill.min2c7c.js]
[haas-advisory-group.local/wp-includes/js/dist/dom-ready.min5346.js]
[haas-advisory-group.local/wp-content/plugins/ultimate-addons-for-gutenberg/assets/js/spectra-block-positioning.min5b0f.js]
[gmpg.org/xfn/default.css]
[haas-advisory-group.local/wp-includes/js/dist/vendor/regenerator-runtime.min6c85.js]
[haas-advisory-group.local/wp-content/plugins/astra-sites/inc/lib/onboarding/assets/dist/template-preview/maina11c.js]
[gmpg.org/xfn/pix/intro/five-met.gif]
[gmpg.org/xfn/pix/intro/five-acqfr.gif]
[gmpg.org/xfn/pix/intro/five-prof.gif]
[gmpg.org/xfn/pix/intro/five-lovefam.gif]
[gmpg.org/xfn/intro.html]
[gmpg.org/xfn/faq.html]
[gmpg.org/xfn/thanks.html]
[haas-advisory-group.local/n.html]
[haas-advisory-group.local/wp-includes/js/dist/vendor/regenerator-runtime.min6c85.js]
[haas-advisory-group.local/wp-content/plugins/astra-sites/inc/lib/onboarding/assets/dist/template-preview/maina11c.js]
[gmpg.org/xfn/join.html]
[gmpg.org/xfn/background.html]
[gmpg.org/xfn/tools.html]
[gmpg.org/xfn/and/index.html]
[gmpg.org/xfn/helping.html]
[gmpg.org/xfn/feedback.html]
[haas-advisory-group.local/wp-content/uploads/2024/07/concentrated-call-center-operator-talking-with-client-scaled.jpg]
[haas-advisory-group.local/wp-content/uploads/2024/07/HAAS-AG-Favicon-150x150.png]
[gmpg.org/xfn/index.html]
[haas-advisory-group.local/GET]
[haas-advisory-group.local/GET]
[haas-advisory-group.local/t]
[haas-advisory-group.local/t]
